                            04/28/2026 at 22h11m30s                             


 ------------------------------------------------------------------------------
|   Another GFF Analysis Toolkit (AGAT) - Version: v1.7.0                      |
|   https://github.com/NBISweden/AGAT                                          |
|   National Bioinformatics Infrastructure Sweden (NBIS) - www.nbis.se         |
 ------------------------------------------------------------------------------
=> Using standard /home/liuzhiyu/Software/miniconda3/envs/Mito_Assemble/lib/perl5/site_perl/auto/share/dist/AGAT/agat_config.yaml config file
Using standard /home/liuzhiyu/Software/miniconda3/envs/Mito_Assemble/lib/perl5/site_perl/auto/share/dist/AGAT/feature_levels.yaml file
GTF version relax selected from the agat config file.
=> Output format will be GTFrelax.
                                        
                                       
                          ------ Start parsing ------                           
-------------------------- parse options and metadata --------------------------
Accessing the feature_levels YAML file
=> Attribute used to group features when no Parent/ID relationship exists (i.e common tag):
	* locus_tag
	* gene_id
=> merge_loci option activated
=> FASTA within the file will be thrown away!
=> Machine information:
	This script is being run by perl v5.32.1
	Bioperl location being used: /home/liuzhiyu/Software/miniconda3/envs/Mito_Assemble/lib/perl5/site_perl/Bio/
	Operating system being used: linux 
=> Accessing Ontology
	No ontology accessible from the gff file header!
	We use the SOFA ontology distributed with AGAT:
		/home/liuzhiyu/Software/miniconda3/envs/Mito_Assemble/lib/perl5/site_perl/auto/share/dist/AGAT/so.obo
	Read ontology /home/liuzhiyu/Software/miniconda3/envs/Mito_Assemble/lib/perl5/site_perl/auto/share/dist/AGAT/so.obo:
		4 root terms, and 2596 total terms, and 1516 leaf terms
	Filtering ontology:
The feature type (3rd column) is constrained to be either a term from the Sequence Ontology or an SO accession number. The latter alternative is distinguished using the syntax SO:000000. In either case, it must be sequence_feature (SO:0000110) or an is_a child of it.
We filter the ontology to apply this rule.		We found 1861 terms that are sequence_feature or is_a child of it.
--------------------- collecting general data information ----------------------
Parsing file ./annotate_out/Bombus_terrestris/result.gff
=> Number of line in file: 101
=> Number of comment lines: 2
=> Number of empty lines: 0
=> Fasta included: No
=> Number of features lines: 99
=> Number of feature lines with 1 fields (while 9 expected): 2
=> Number of feature type (3rd column): 6
	* Level1: 3 => gene ncRNA_gene region
	* level2: 2 => rRNA tRNA
	* level3: 1 => exon
	* unknown: 0 => 
=> Version of the GFF parser selected by AGAT: 3

--------- Start of in-depth analysis (file by chunck 1 CPU - 1 chunck) ---------

Parsing (done in 0 second )
---------------------------- Merging parallel tasks ----------------------------

Merging (done in 0 second )
................................................................................
.                            Total time: 2 seconds                             .
.                            Total memory: 62.36 Mo                            .
................................................................................
                            ------ END parsing ------                           
converting to GTFrelax

---------------------------- Job done in 2 seconds -----------------------------
command : /home/liuzhiyu/Software/miniconda3/envs/Mito_Assemble/bin/agat_convert_sp_gff2gtf.pl --gff ./annotate_out/Bombus_terrestris/result.gff --out ./gtf_out/Bombus_terrestris.gtf
date : 04/28/2026 at 22h11m30s
Job done! Bye Bye!

